// Jest Snapshot v1, https://goo.gl/fbAQLP

exports[`Pruebas del componente <AppRouter /> debe de mostrar el login si no esta autenticado 1`] = `
<div>
  <div
    className="container mt-5 text-center"
  >
    <h1>
      Login
    </h1>
    <hr />
    <button
      className="btn btn-primary"
      onClick={[Function]}
    >
      Iniciar Sesion
    </button>
  </div>
</div>
`;
