// Jest Snapshot v1, https://goo.gl/fbAQLP

exports[`Pruebas del <LoginScreen /> debe de mostrarse correctamente 1`] = `
<div
  className="container mt-5 text-center"
>
  <h1>
    Login
  </h1>
  <hr />
  <button
    className="btn btn-primary"
    onClick={[Function]}
  >
    Iniciar Sesion
  </button>
</div>
`;
